// Jest Snapshot v1, https://goo.gl/fbAQLP

exports[`Renderiza com a prop success true 1`] = `
<DocumentFragment>
  .c0 {
  display: -webkit-box;
  display: -webkit-flex;
  display: -ms-flexbox;
  display: flex;
  width: 192px;
  -webkit-flex-direction: column;
  -ms-flex-direction: column;
  flex-direction: column;
  -webkit-align-items: center;
  -webkit-box-align: center;
  -ms-flex-align: center;
  align-items: center;
  -webkit-box-pack: justify;
  -webkit-justify-content: space-between;
  -ms-flex-pack: justify;
  justify-content: space-between;
  background-color: #F4F4F4;
  box-shadow: 0px 0px 5px 0px rgba(0,0,0,0.5);
}

.c0 h5 {
  margin: 2px 0 12px 0;
}

.c0 p {
  margin: 12px 0 2px 0;
  color: #469E2A;
  font-weight: bold;
}

<div
    class="c0"
  >
    <h5 />
    <p>
      value
    </p>
  </div>
</DocumentFragment>
`;
